
> mitrai@0.1.0 build
> next build

  ▲ Next.js 14.2.35
  - Environments: .env.local


<--- Last few GCs --->

[22616:0000021290C39C90] 12031765 ms: Scavenge 1531.6 (1579.2) -> 1519.3 (1579.4) MB, 4.1 / 0.0 ms  (average mu = 0.995, current mu = 0.988) task; 
[22616:0000021290C39C90] 12034278 ms: Scavenge 1532.2 (1579.4) -> 1519.5 (1579.4) MB, 3.4 / 0.0 ms  (average mu = 0.995, current mu = 0.988) task; 
[22616:0000021290C39C90] 12036725 ms: Scavenge 1532.0 (1579.4) -> 1519.9 (1579.9) MB, 3.7 / 0.0 ms  (average mu = 0.995, current mu = 0.988) task; 


<--- JS stacktrace --->

FATAL ERROR: Malloced operator new Allocation failed - process out of memory
 1: 00007FF7E789D7AF 
 2: 00007FF7E7820D66 
 3: 00007FF7E7822A00 
 4: 00007FF7E82CD564 
 5: 00007FF7E82B88F2 
 6: 00007FF7E7DF2B49 
 7: 00007FF7E812F8D3 
 8: 00007FF7E81403F9 
 9: 00007FF7E82E3ADC 
10: 00007FF7E83B3CEE 
11: 00007FF7E83BC001 
12: 00007FF7E83147B4 
13: 00007FF7E82ED33B 
14: 00007FF7E81B723A 
15: 00007FF7E81B735B 
16: 00007FF7E81B810A 
17: 00007FF7E81908EA 
18: 00007FF7E819068A 
19: 00007FF7E78CC74B 
20: 00007FF7E78CC61E 
21: 00007FF7E7819F5F 
22: 00007FF7E7816B2E 
23: 00007FF7E780C210 
24: 00007FF7E781C2C5 
25: 00007FF7E78FD357 
26: 00007FF7E78F97CB 
27: 00007FF7E78F9312 
28: 00007FF7E78CBFE2 
29: 00007FF7E77D8C18 
30: 00007FF7E785D73E 
31: 00007FF7E785F0C3 
32: 00007FF7E765BFCC 
33: 00007FF7E8906C44 
34: 00007FFDB35AE8D7 
35: 00007FFDB4ECC48C 
